[38;2;42;93;176mjmap-tui[m  [38;2;55;65;81mcontacts[m  [38;2;156;163;175mall accounts[m  [38;2;156;163;175m4[m
[38;2;209;213;219m────────────────────────────────────────────────────────────────[m[38;2;209;213;219m│[m[38;2;42;93;176m─────────────────────────────────[m
[38;2;31;41;55m[48;2;194;72;93m [mAda Lovelace                   ada@example.com[m                 [38;2;209;213;219m│[m[38;2;55;65;81mAlan Turing[m                      
[38;2;30;41;59;48;2;226;232;240m Alan Turing                    alan@example.com                [m[38;2;209;213;219m│[m[38;2;156;163;175memail   [malan@example.com         
[38;2;31;41;55m[48;2;78;158;99m [mGrace Hopper                   grace@navy.example[m              [38;2;209;213;219m│[m[38;2;156;163;175memail   [mwork: a.turing@example.… 
[38;2;31;41;55m[48;2;194;72;93m [mZoe Zebra                      zoe@example.com[m                 [38;2;209;213;219m│[m[38;2;156;163;175mphone   [m+44 1234 567             
                                                                [38;2;209;213;219m│[m[38;2;156;163;175morg     [mBletchley Park           
                                                                [38;2;209;213;219m│[m[38;2;156;163;175mtitle   [mCryptanalyst             
                                                                [38;2;209;213;219m│[m[38;2;156;163;175mnote[m                             
                                                                [38;2;209;213;219m│[mEnigma.                          
                                                                [38;2;209;213;219m│[m                                 
                                                                [38;2;209;213;219m│[m[38;2;156;163;175m· Work[m                           
                                                                [38;2;209;213;219m│[m                                 
[38;2;156;163;175mn new · e edit · d delete · tab columns · / filter · esc back[m