[38;2;42;93;176mjmap-tui[m  [38;2;55;65;81mInbox[m  [38;2;156;163;175m1432 messages · 3 unread[m
[38;2;42;93;176m━━━━━━━━━━━━━━━━━━━━━━━━━━━━━━━━━━━━━━━━━━━━━━━━━━━━━━━━━━━━━━━━━━━━━━━━━━━━━━━━━━━━━━━━━━━━━━━━━━━━━━━━━━━━━━━━━━━━━━━[m
[38;2;55;65;81mFrom: Eve Security <from@example.test>[m
[38;2;55;65;81mTo: me@example.test[m
[38;2;55;65;81mDate: Mon, 21 Sep 2026 07:00[m
[38;2;55;65;81mSubject: Quarterly audit report attached[m
[38;2;209;213;219m───────────────────────────────────────────────────────────────────────────────────────────────────────────────────────[m
Hello,

Find the quarterly audit report attached.

Regards,
Eve
[38;2;156;163;175m1 attachment: audit-q3.pdf (242.5K)[m
[38;2;46;125;67mlive[m  [38;2;156;163;175msynced 10:00:00[m  [38;2;156;163;175mInbox 3 unread · 14[m