















                                        [38;2;130;170;255mOpen link[m                              
                                        [38;2;107;114;128mtype to filter · enter to choose[m       
                                        [38;2;59;66;97m─────────────────────────────────────[m  
                                        [38;2;192;202;245;48;2;36;40;59m[1] https://example.com/report       [m  
                                        [38;2;192;202;245m[2] mailto:eve@example.test[m            
                                        [38;2;192;202;245m[3] https://example.com/unsubscribe[m    
                                                                               