















                                           [38;2;130;170;255mMove to mailbox[m                   
                                           [38;2;107;114;128mtype to filter · enter to choose[m  
                                           [38;2;59;66;97m────────────────────────────────[m  
                                           [38;2;192;202;245mInbox[m                             
                                           [38;2;192;202;245mSent Items[m                        
                                           [38;2;192;202;245;48;2;36;40;59m  agent-test                    [m  
                                           [38;2;192;202;245mArchive[m                           
                                                                             