
















                                  [38;2;42;93;176mswitch account[m                                      
                                  [38;2;156;163;175menter switch · j/k move · esc close[m                 
                                  [38;2;209;213;219m──────────────────────────────────────────────────[m  
                                  [38;2;31;41;55m[38;2;42;93;176m▸ [mWork [38;2;156;163;175mlive · synced 10:00:00 · 3 unread[m[m            
                                  [38;2;30;41;59;48;2;226;232;240m  Personal live · synced 10:00:00 · 12 unread     [m  
                                  [38;2;31;41;55m  Old laptop [38;2;192;53;56mconnect: auth rejected[m[m                 