[38;2;42;93;176mjmap-tui[m  [38;2;55;65;81mInbox[m  [38;2;156;163;175m1432 messages · 3 unread[m
[38;2;209;213;219m─────────────────────────[m[38;2;209;213;219m│[m[38;2;42;93;176m━━━━━━━━━━━━━━━━━━━━━━━━━━━━━━━━━━━━━━━━━━━━━━━━━━[m[38;2;209;213;219m│[m[38;2;209;213;219m──────────────────────────────────────────[m
[48;2;194;72;93m [m[38;2;42;93;176m Work                  [m[48;2;194;72;93m [m[38;2;209;213;219m│[m  [38;2;42;93;176m★[m   [38;2;31;41;55;48;2;226;232;240mDana Ops        [m [38;2;31;41;55;48;2;226;232;240mDeploy pipeline is… [m[38;2;31;41;55;48;2;226;232;240m35m    [m[38;2;209;213;219m│[m[38;2;55;65;81mFrom: Eve Security <from@example.test>[m    
[38;2;156;163;175;48;2;226;232;240mInbox                   3[m[38;2;209;213;219m│[m   [38;2;156;163;175m↩[m  [38;2;30;41;59;48;2;226;232;240mEve Security    [m [38;2;30;41;59;48;2;226;232;240mQuarterly audit re… [m[38;2;30;41;59;48;2;226;232;240m3h     [m[38;2;209;213;219m│[m[38;2;55;65;81mTo: me@example.test[m                       
[38;2;31;41;55mSent Items[m               [38;2;209;213;219m│[m      [38;2;31;41;55mBob Thread      [m [38;2;31;41;55m▾ Re: planning s…   [m[38;2;156;163;175m1d     [m[38;2;209;213;219m│[m[38;2;55;65;81mDate: Mon, 21 Sep 2026 07:00[m              
[38;2;31;41;55m  agent-test[m             [38;2;209;213;219m│[m [38;2;42;93;176m●[m    [1;38;2;31;41;55mAlice Root      [m [1;38;2;31;41;55m  └ planning sync   [m[38;2;156;163;175m1d     [m[38;2;209;213;219m│[m[38;2;55;65;81mSubject: Quarterly audit report attached[m  
[38;2;31;41;55mArchive[m                  [38;2;209;213;219m│[m[38;2;156;163;175m↓ more[m                                            [38;2;209;213;219m│[m[38;2;209;213;219m──────────────────────────────────────────[m
                         [38;2;209;213;219m│[m                                                  [38;2;209;213;219m│[mHello,                                    
                         [38;2;209;213;219m│[m                                                  [38;2;209;213;219m│[m                                          
                         [38;2;209;213;219m│[m                                                  [38;2;209;213;219m│[mFind the quarterly audit report attached. 
                         [38;2;209;213;219m│[m                                                  [38;2;209;213;219m│[m                                          
                         [38;2;209;213;219m│[m                                                  [38;2;209;213;219m│[mRegards,                                  
                         [38;2;209;213;219m│[m                                                  [38;2;209;213;219m│[mEve                                       
                         [38;2;209;213;219m│[m                                                  [38;2;209;213;219m│[m[38;2;156;163;175m1 attachment: audit-q3.pdf (242.5K)[m       
                         [38;2;209;213;219m│[m                                                  [38;2;209;213;219m│[m                                          
                         [38;2;209;213;219m│[m                                                  [38;2;209;213;219m│[m                                          
                         [38;2;209;213;219m│[m                                                  [38;2;209;213;219m│[m                                          
                         [38;2;209;213;219m│[m                                                  [38;2;209;213;219m│[m                                          
                         [38;2;209;213;219m│[m                                                  [38;2;209;213;219m│[m                                          
                         [38;2;209;213;219m│[m                                                  [38;2;209;213;219m│[m                                          
                         [38;2;209;213;219m│[m                                                  [38;2;209;213;219m│[m                                          
                         [38;2;209;213;219m│[m                                                  [38;2;209;213;219m│[m                                          
                         [38;2;209;213;219m│[m                                                  [38;2;209;213;219m│[m                                          
                         [38;2;209;213;219m│[m                                                  [38;2;209;213;219m│[m                                          
                         [38;2;209;213;219m│[m                                                  [38;2;209;213;219m│[m                                          
                         [38;2;209;213;219m│[m                                                  [38;2;209;213;219m│[m                                          
                         [38;2;209;213;219m│[m                                                  [38;2;209;213;219m│[m                                          
                         [38;2;209;213;219m│[m                                                  [38;2;209;213;219m│[m                                          
                         [38;2;209;213;219m│[m                                                  [38;2;209;213;219m│[m                                          
                         [38;2;209;213;219m│[m                                                  [38;2;209;213;219m│[m                                          
                         [38;2;209;213;219m│[m                                                  [38;2;209;213;219m│[m                                          
                         [38;2;209;213;219m│[m                                                  [38;2;209;213;219m│[m                                          
                         [38;2;209;213;219m│[m                                                  [38;2;209;213;219m│[m                                          
                         [38;2;209;213;219m│[m                                                  [38;2;209;213;219m│[m                                          
                         [38;2;209;213;219m│[m                                                  [38;2;209;213;219m│[m                                          
                         [38;2;209;213;219m│[m                                                  [38;2;209;213;219m│[m                                          
                         [38;2;209;213;219m│[m                                                  [38;2;209;213;219m│[m                                          
                         [38;2;209;213;219m│[m                                                  [38;2;209;213;219m│[m                                          
                         [38;2;209;213;219m│[m                                                  [38;2;209;213;219m│[m                                          
[38;2;46;125;67mlive[m  [38;2;156;163;175msynced 10:00:00[m  [38;2;156;163;175mInbox 3 unread · 14[m