















                               [38;2;42;93;176mAccounts[m                                                  
                               [38;2;156;163;175m1 of 5 · account[m                                          
                               [38;2;209;213;219m────────────────────────────────────────────────────────[m  
                               [38;2;31;41;55m+ add a new account[m                                       
                               [38;2;30;41;59;48;2;226;232;240mWork — me@work.example.com                              [m  
                               [38;2;31;41;55mPersonal — me@example.com[m                                 
                                                                                         
                               [38;2;156;163;175mj/k choose · enter select · esc quit[m                      