














                               [38;2;130;170;255mAdd an account[m                                            
                               [38;2;107;114;128m2 of 4 · finding server[m                                   
                               [38;2;59;66;97m────────────────────────────────────────────────────────[m  
                               [38;2;107;114;128mEmail          [mme@example.com                             
                               [38;2;107;114;128mPassword       [m••••••••                                   
                               [38;2;107;114;128mAccount name   [m[38;2;107;114;128mdefaults to the account id[m                 
                                                                                         
                               ⣽ discovering mail server for example.com…                
                                                                                         
                               [38;2;107;114;128mesc cancel[m                                                