













                               [38;2;130;170;255mAdd an account[m                                            
                               [38;2;107;114;128m2 of 4 · connection[m                                       
                               [38;2;59;66;97m────────────────────────────────────────────────────────[m  
                               [38;2;107;114;128mServer URL     [mhttps://mail.example.com                   
                               [38;2;107;114;128mUsername       [mme@example.com                             
                               [38;2;107;114;128mPassword       [m••••••••                                   
                               [38;2;107;114;128mAccount name   [m[38;2;107;114;128mdefaults to the account id[m                 
                                                                                         
                               [38;2;224;108;117mconnect to https://mail.example.com: 401 unauthorized —[m   
                               [38;2;224;108;117mcheck the app password or the server URL[m                  
                                                                                         
                               [38;2;107;114;128mesc cancel[m                                                