














                               [38;2;130;170;255mEdit account · work[m                                       
                               [38;2;107;114;128m2 of 5 · details[m                                          
                               [38;2;59;66;97m────────────────────────────────────────────────────────[m  
                               [38;2;107;114;128mServer URL     [mhttps://mail.example.com                   
                               [38;2;107;114;128mEmail          [mme@work.example.com                        
                               [38;2;192;202;245;48;2;36;40;59mPassword       [38;2;107;114;128mleave empty to keep the current password[m [m  
                               [38;2;107;114;128mAccount name   [mWork                                       
                                                                                         
                               [38;2;107;114;128mtab next · enter continue · esc back[m                      