














                               [38;2;130;170;255mAdd an account[m                                            
                               [38;2;107;114;128m1 of 4 · details[m                                          
                               [38;2;59;66;97m────────────────────────────────────────────────────────[m  
                               [38;2;107;114;128mServer URL     [mhttps://mail.example.com                   
                               [38;2;107;114;128mUsername       [mme@example.com                             
                               [38;2;192;202;245;48;2;36;40;59mPassword       ••••••••▌                                [m  
                               [38;2;107;114;128mAccount name   [m[38;2;107;114;128mdefaults to the account id[m                 
                                                                                         
                               [38;2;107;114;128mtab next · enter continue · esc quit[m                      